apiVersion: apps/v1
kind: Deployment
metadata:
  labels:
    app: metadata-writer
    app.kubernetes.io/component: ml-pipeline
    app.kubernetes.io/name: kubeflow-pipelines
    application-crd-id: kubeflow-pipelines
  name: metadata-writer
  namespace: kubeflow
spec:
  replicas: 1
  selector:
    matchLabels:
      app: metadata-writer
      app.kubernetes.io/component: ml-pipeline
      app.kubernetes.io/name: kubeflow-pipelines
      application-crd-id: kubeflow-pipelines
  template:
    metadata:
      labels:
        app: metadata-writer
        app.kubernetes.io/component: ml-pipeline
        app.kubernetes.io/name: kubeflow-pipelines
        application-crd-id: kubeflow-pipelines
    spec:
      containers:
      - env:
        - name: NAMESPACE_TO_WATCH
          valueFrom:
            fieldRef:
              fieldPath: metadata.namespace
        image: docker.io/aipipeline/metadata-writer:0.5.1
        name: main
      serviceAccountName: kubeflow-pipelines-metadata-writer
