apiVersion: apps/v1
kind: Deployment
metadata:
  labels:
    app: ml-pipeline-persistenceagent
    app.kubernetes.io/component: ml-pipeline
    app.kubernetes.io/name: kubeflow-pipelines
    application-crd-id: kubeflow-pipelines
  name: ml-pipeline-persistenceagent
  namespace: kubeflow
spec:
  selector:
    matchLabels:
      app: ml-pipeline-persistenceagent
      app.kubernetes.io/component: ml-pipeline
      app.kubernetes.io/name: kubeflow-pipelines
      application-crd-id: kubeflow-pipelines
  template:
    metadata:
      labels:
        app: ml-pipeline-persistenceagent
        app.kubernetes.io/component: ml-pipeline
        app.kubernetes.io/name: kubeflow-pipelines
        application-crd-id: kubeflow-pipelines
    spec:
      containers:
      - env:
        - name: NAMESPACE
          valueFrom:
            fieldRef:
              fieldPath: metadata.namespace
        image: docker.io/aipipeline/persistenceagent:0.5.1
        imagePullPolicy: IfNotPresent
        name: ml-pipeline-persistenceagent
      serviceAccountName: ml-pipeline-persistenceagent
