apiVersion: v1
data:
  accesskey: bWluaW8=
  secretkey: bWluaW8xMjM=
kind: Secret
metadata:
  labels:
    application-crd-id: kubeflow-pipelines
  name: mlpipeline-minio-artifact
  namespace: kubeflow
type: Opaque
